2023-08-07T20:21:19.186819+00:00 ibis.tea-cats.co.uk sshd[15462]: Received disconnect from 180.101.88.234 port 36530:11:  [preauth]
2023-08-07T20:54:52.978438+00:00 ibis.tea-cats.co.uk sshd[15986]: banner exchange: Connection from 192.241.229.45 port 59696: invalid format
2023-08-22T07:41:10.350350+00:00 ibis.tea-cats.co.uk sshd[529034]: banner exchange: Connection from 198.199.104.124 port 50958: invalid format
2023-08-23T10:54:19.177945+00:00 ibis.tea-cats.co.uk sshd[568315]: error: kex_exchange_identification: read: Connection reset by peer
2023-08-23T12:13:23.336574+00:00 ibis.tea-cats.co.uk sshd[570464]: error: kex_exchange_identification: Connection closed by remote host
2023-08-07T20:54:52.978001+00:00 ibis.tea-cats.co.uk sshd[15986]: error: kex_exchange_identification: client sent invalid protocol identifier "MGLNDD_109.74.193.188_22"
2023-08-07T19:05:00.014310+00:00 ibis.tea-cats.co.uk systemd[12940]: Activating special unit exit.target...
2024-02-03T17:58:55.773609+00:00 ibis.tea-cats.co.uk sshd[23824]: userauth_pubkey: signature algorithm rsa-sha2-256 not in PubkeyAcceptedAlgorithms [preauth]
2024-02-03T17:58:56.933030+00:00 ibis.tea-cats.co.uk sshd[23826]: userauth_pubkey: signature algorithm rsa-sha2-256 not in PubkeyAcceptedAlgorithms [preauth]
2023-12-15T16:58:41.953690+00:00 ibis.tea-cats.co.uk sshd[2391909]: userauth_pubkey: signature algorithm ssh-rsa not in PubkeyAcceptedAlgorithms [preauth]
2024-04-19T07:07:01.992563+00:00 clive.tea-cats.co.uk sshd[2379372]: Received disconnect from 212.70.149.150 port 58211:11: Bye [preauth]
2024-04-19T07:58:43.620949+00:00 clive.tea-cats.co.uk sshd[2379467]: Received disconnect from 212.70.149.150 port 62174:11: Bye [preauth]
2024-04-19T08:15:18.188473+00:00 clive.tea-cats.co.uk sshd[2380502]: Received disconnect from 212.70.149.150 port 62776:11: Bye [preauth]
2023-10-09T00:02:03.802940+00:00 kestrel.tea-cats.co.uk opendkim[1232]: 4S3fNC5h1Vzht: no signature data
2023-10-09T00:42:10.134049+00:00 kestrel.tea-cats.co.uk opendkim[1232]: 4S3gGQ2rL1zht: no signature data
2023-10-08T22:02:04.842596+00:00 kestrel.tea-cats.co.uk opendkim[1232]: 4S3bjm5tZ9zq8: DKIM-Signature field added (s=r1, d=tea-cats.co.uk)
2023-10-08T21:46:48.706778+00:00 kestrel.tea-cats.co.uk opendkim[1232]: 4S3bN81xjSzq0: 66-220-144-147.mail-mail.facebook.com [66.220.144.147] not internal
2023-10-08T21:46:48.708106+00:00 kestrel.tea-cats.co.uk opendkim[1232]: 4S3bN81xjSzq0: DKIM verification successful
2023-10-08T21:46:48.706939+00:00 kestrel.tea-cats.co.uk opendkim[1232]: 4S3bN81xjSzq0: not authenticated
2023-10-08T21:46:48.708164+00:00 kestrel.tea-cats.co.uk opendkim[1232]: 4S3bN81xjSzq0: s=s1024-2013-q3 d=facebookmail.com a=rsa-sha256 SSL
2023-10-08T22:32:30.078326+00:00 kestrel.tea-cats.co.uk opendkim[1232]: 4S3cNs5vmpzq0: mail.warstalle.de [77.87.212.29] not internal
2023-10-08T22:32:30.079662+00:00 kestrel.tea-cats.co.uk opendkim[1232]: 4S3cNs5vmpzq0: no signature data
2023-10-08T22:32:30.078522+00:00 kestrel.tea-cats.co.uk opendkim[1232]: 4S3cNs5vmpzq0: not authenticated
2023-10-08T23:02:04.638256+00:00 kestrel.tea-cats.co.uk opendkim[1232]: 4S3d304R7hzq8: DKIM-Signature field added (s=r1, d=tea-cats.co.uk)
2023-10-08T23:06:27.112641+00:00 kestrel.tea-cats.co.uk opendkim[1232]: 4S3d826R3Xzgt: DKIM verification successful
2023-10-08T23:06:26.987215+00:00 kestrel.tea-cats.co.uk opendkim[1232]: 4S3d826R3Xzgt: not authenticated
2023-10-08T23:06:26.987097+00:00 kestrel.tea-cats.co.uk opendkim[1232]: 4S3d826R3Xzgt: out-25.smtp.github.com [192.30.252.208] not internal
2023-10-08T23:06:27.113043+00:00 kestrel.tea-cats.co.uk opendkim[1232]: 4S3d826R3Xzgt: s=pf2023 d=github.com a=rsa-sha256 SSL
2023-10-08T23:08:47.579984+00:00 kestrel.tea-cats.co.uk opendkim[1232]: 4S3dBl3WqWzgt: DKIM verification successful
2023-10-08T23:08:47.578391+00:00 kestrel.tea-cats.co.uk opendkim[1232]: 4S3dBl3WqWzgt: not authenticated
2023-10-08T23:08:47.578258+00:00 kestrel.tea-cats.co.uk opendkim[1232]: 4S3dBl3WqWzgt: out-17.smtp.github.com [192.30.252.200] not internal
2023-10-08T23:08:47.580274+00:00 kestrel.tea-cats.co.uk opendkim[1232]: 4S3dBl3WqWzgt: s=pf2023 d=github.com a=rsa-sha256 SSL
2023-10-08T23:26:47.100307+00:00 kestrel.tea-cats.co.uk opendkim[1232]: 4S3dbV6cPbzgt: DKIM verification successful
2023-10-08T23:26:47.099134+00:00 kestrel.tea-cats.co.uk opendkim[1232]: 4S3dbV6cPbzgt: not authenticated
2023-10-08T23:26:47.098750+00:00 kestrel.tea-cats.co.uk opendkim[1232]: 4S3dbV6cPbzgt: out-17.smtp.github.com [192.30.252.200] not internal
Oct 13 06:09:30 griffin.tea-cats.co.uk systemd-journald[166]: /var/log/journal/1009f49fff8fe746a5111e1a062f4848/system.journal: Journal header limits reached or header out-of-date, rotating.
Oct 13 06:46:57 ibis.tea-cats.co.uk systemd-journald[166]: /var/log/journal/1009f49fff8fe746a5111e1a062f4848/system.journal: Journal header limits reached or header out-of-date, rotating.
Oct 14 00:13:46 griffin.tea-cats.co.uk systemd-journald[166]: /var/log/journal/1009f49fff8fe746a5111e1a062f4848/system.journal: Journal header limits reached or header out-of-date, rotating.
Oct 14 15:30:51 griffin.tea-cats.co.uk systemd-journald[166]: /var/log/journal/1009f49fff8fe746a5111e1a062f4848/system.journal: Journal header limits reached or header out-of-date, rotating.
Apr 14 08:27:08 clive.tea-cats.co.uk systemd-journald[168]: Data hash table of /var/log/journal/1009f49fff8fe746a5111e1a062f4848/system.journal has a fill level at 75.0 (68543 of 91384 items, 16777216 file size, 244 bytes per hash table item), suggesting rotation.
Mar 09 19:07:40 clive.tea-cats.co.uk systemd-journald[168]: Data hash table of /var/log/journal/1009f49fff8fe746a5111e1a062f4848/system.journal has a fill level at 75.0 (68539 of 91384 items, 16777216 file size, 244 bytes per hash table item), suggesting rotation.
Mar 12 17:14:53 clive.tea-cats.co.uk systemd-journald[168]: Data hash table of /var/log/journal/1009f49fff8fe746a5111e1a062f4848/system.journal has a fill level at 75.0 (68543 of 91384 items, 16777216 file size, 244 bytes per hash table item), suggesting rotation.
Oct 09 02:58:22 kestrel.tea-cats.co.uk systemd-journald[168]: Data hash table of /var/log/journal/1009f49fff8fe746a5111e1a062f4848/system.journal has a fill level at 75.0 (34129 of 45504 items, 16777216 file size, 491 bytes per hash table item), suggesting rotation.
Oct 12 22:01:21 kestrel.tea-cats.co.uk systemd-journald[168]: Data hash table of /var/log/journal/1009f49fff8fe746a5111e1a062f4848/system.journal has a fill level at 75.0 (34131 of 45504 items, 16777216 file size, 491 bytes per hash table item), suggesting rotation.
Oct 13 12:06:39 griffin.tea-cats.co.uk sshd[1348235]: userauth_pubkey: signature algorithm rsa-sha2-256 not in PubkeyAcceptedAlgorithms [preauth]
Oct 13 12:06:39 griffin.tea-cats.co.uk sshd[1348235]: userauth_pubkey: signature algorithm ssh-rsa not in PubkeyAcceptedAlgorithms [preauth]
Oct 13 12:19:00 griffin.tea-cats.co.uk sshd[1348255]: pam_env(sshd:session): deprecated reading of user environment enabled
Oct 13 12:19:00 clive.tea-cats.co.uk sshd[215971]: pam_env(sshd:session): deprecated reading of user environment enabled
Oct 13 12:25:07 clive.tea-cats.co.uk sshd[216005]: fatal: userauth_pubkey: parse publickey packet: incomplete message [preauth]
Oct 13 12:04:28 ibis.tea-cats.co.uk sshd[873833]: userauth_pubkey: signature algorithm rsa-sha2-256 not in PubkeyAcceptedAlgorithms [preauth]
Oct 13 12:04:28 ibis.tea-cats.co.uk sshd[873833]: userauth_pubkey: signature algorithm ssh-rsa not in PubkeyAcceptedAlgorithms [preauth]
Oct 13 12:19:01 ibis.tea-cats.co.uk sshd[873868]: pam_env(sshd:session): deprecated reading of user environment enabled
Oct 13 12:19:11 griffin.tea-cats.co.uk systemd[1348258]: Activating special unit exit.target...
Oct 13 12:19:00 griffin.tea-cats.co.uk (systemd)[1348258]: pam_unix(systemd-user:session): session opened for user benedict(uid=1000) by (uid=0)
Oct 13 12:19:10 clive.tea-cats.co.uk systemd[215974]: Activating special unit exit.target...
Oct 13 12:18:59 clive.tea-cats.co.uk (systemd)[215974]: pam_unix(systemd-user:session): session opened for user benedict(uid=1000) by (uid=0)
Oct 13 12:19:12 ibis.tea-cats.co.uk systemd[873871]: Activating special unit exit.target...
Oct 13 12:19:01 ibis.tea-cats.co.uk (systemd)[873871]: pam_unix(systemd-user:session): session opened for user benedict(uid=1000) by (uid=0)
2024-10-13T12:06:39.013487+00:00 griffin.tea-cats.co.uk sshd[1348235]: userauth_pubkey: signature algorithm ssh-rsa not in PubkeyAcceptedAlgorithms [preauth]
2024-10-13T12:06:39.033992+00:00 griffin.tea-cats.co.uk sshd[1348235]: userauth_pubkey: signature algorithm rsa-sha2-256 not in PubkeyAcceptedAlgorithms [preauth]
2024-10-13T12:19:00.885514+00:00 griffin.tea-cats.co.uk sshd[1348255]: pam_env(sshd:session): deprecated reading of user environment enabled
2024-10-13T12:19:00.331958+00:00 clive.tea-cats.co.uk sshd[215971]: pam_env(sshd:session): deprecated reading of user environment enabled
2024-10-13T12:25:07.590934+00:00 clive.tea-cats.co.uk sshd[216005]: fatal: userauth_pubkey: parse publickey packet: incomplete message [preauth]
2024-10-13T12:04:28.271655+00:00 ibis.tea-cats.co.uk sshd[873833]: userauth_pubkey: signature algorithm ssh-rsa not in PubkeyAcceptedAlgorithms [preauth]
2024-10-13T12:04:28.296689+00:00 ibis.tea-cats.co.uk sshd[873833]: userauth_pubkey: signature algorithm rsa-sha2-256 not in PubkeyAcceptedAlgorithms [preauth]
2024-10-13T12:19:01.975694+00:00 ibis.tea-cats.co.uk sshd[873868]: pam_env(sshd:session): deprecated reading of user environment enabled
2024-10-13T12:19:11.183787+00:00 griffin.tea-cats.co.uk systemd[1348258]: Activating special unit exit.target...
2024-10-13T12:19:10.505487+00:00 clive.tea-cats.co.uk systemd[215974]: Activating special unit exit.target...
2024-10-13T12:19:12.203997+00:00 ibis.tea-cats.co.uk systemd[873871]: Activating special unit exit.target...
2024-10-13T12:18:59.985375+00:00 clive.tea-cats.co.uk (systemd): pam_unix(systemd-user:session): session opened for user benedict(uid=1000) by (uid=0)
2024-10-13T12:19:00.697925+00:00 griffin.tea-cats.co.uk (systemd): pam_unix(systemd-user:session): session opened for user benedict(uid=1000) by (uid=0)
2024-10-13T12:19:01.660450+00:00 ibis.tea-cats.co.uk (systemd): pam_unix(systemd-user:session): session opened for user benedict(uid=1000) by (uid=0)
2024-10-13T16:55:07.068204+00:00 hawk.tea-cats.co.uk kernel: [16040.138109] clocksource: timekeeping watchdog on CPU0: kvm-clock retried 1 times before success
2024-10-13T17:47:23.574542+00:00 hawk.tea-cats.co.uk kernel: [19176.584645] clocksource: timekeeping watchdog on CPU0: kvm-clock retried 1 times before success
2024-10-13T16:24:00.824752+00:00 griffin.tea-cats.co.uk snerge-bot[1694181]: [snerge.bot:INFO] Command !snerge from joallthedogs
2024-10-13T15:49:03.146660+00:00 kestrel.tea-cats.co.uk sshd[1287643]: banner exchange: Connection from 165.154.172.108 port 57128: could not read protocol version
2024-10-13T16:40:43.717589+00:00 griffin.tea-cats.co.uk sshd[1353769]: banner exchange: Connection from 165.154.12.139 port 36326: could not read protocol version
2024-10-13T15:15:03.592995+00:00 clive.tea-cats.co.uk sshd[220081]: banner exchange: Connection from 152.32.156.50 port 49840: could not read protocol version
2024-10-13T15:52:17.970984+00:00 hawk.tea-cats.co.uk sshd[7298]: banner exchange: Connection from 118.194.236.137 port 35162: could not read protocol version
2024-10-13T16:00:41.210646+00:00 hawk.tea-cats.co.uk sshd[7329]: error: kex_protocol_error: type 20 seq 2 [preauth]
2024-10-13T16:00:41.210963+00:00 hawk.tea-cats.co.uk sshd[7329]: error: kex_protocol_error: type 30 seq 3 [preauth]
2024-10-13T15:15:09.086938+00:00 ibis.tea-cats.co.uk sshd[879068]: banner exchange: Connection from 152.32.128.169 port 53484: could not read protocol version
Oct 13 16:55:07 hawk.tea-cats.co.uk kernel: clocksource: timekeeping watchdog on CPU0: kvm-clock retried 1 times before success
Oct 13 17:47:23 hawk.tea-cats.co.uk kernel: clocksource: timekeeping watchdog on CPU0: kvm-clock retried 1 times before success
Oct 13 16:24:00 griffin.tea-cats.co.uk snerge-bot[1694181]: [snerge.bot:INFO] Command !snerge from joallthedogs
Oct 13 15:49:03 kestrel.tea-cats.co.uk sshd[1287643]: banner exchange: Connection from 165.154.172.108 port 57128: could not read protocol version
Oct 13 16:40:43 griffin.tea-cats.co.uk sshd[1353769]: banner exchange: Connection from 165.154.12.139 port 36326: could not read protocol version
Oct 13 15:15:03 clive.tea-cats.co.uk sshd[220081]: banner exchange: Connection from 152.32.156.50 port 49840: could not read protocol version
Oct 13 15:52:17 hawk.tea-cats.co.uk sshd[7298]: banner exchange: Connection from 118.194.236.137 port 35162: could not read protocol version
Oct 13 16:00:41 hawk.tea-cats.co.uk sshd[7329]: error: kex_protocol_error: type 20 seq 2 [preauth]
Oct 13 16:00:41 hawk.tea-cats.co.uk sshd[7329]: error: kex_protocol_error: type 30 seq 3 [preauth]
Oct 13 15:15:09 ibis.tea-cats.co.uk sshd[879068]: banner exchange: Connection from 152.32.128.169 port 53484: could not read protocol version
Oct 13 18:00:10 hawk.tea-cats.co.uk systemd-journald[180]: Data hash table of /var/log/journal/1009f49fff8fe746a5111e1a062f4848/system.journal has a fill level at 75.0 (68542 of 91384 items, 25165824 file size, 367 bytes per hash table item), suggesting rotation.
Oct 13 18:00:10 hawk.tea-cats.co.uk systemd-journald[180]: /var/log/journal/1009f49fff8fe746a5111e1a062f4848/system.journal: Journal header limits reached or header out-of-date, rotating.
2024-10-13T16:55:07.068204+00:00 hawk.tea-cats.co.uk kernel: [16040.138109] clocksource: timekeeping watchdog on CPU0: kvm-clock retried 1 times before success
2024-10-13T17:47:23.574542+00:00 hawk.tea-cats.co.uk kernel: [19176.584645] clocksource: timekeeping watchdog on CPU0: kvm-clock retried 1 times before success
2024-10-13T16:24:00.824752+00:00 griffin.tea-cats.co.uk snerge-bot[1694181]: [snerge.bot:INFO] Command !snerge from joallthedogs
2024-10-13T15:49:03.146660+00:00 kestrel.tea-cats.co.uk sshd[1287643]: banner exchange: Connection from 165.154.172.108 port 57128: could not read protocol version
2024-10-13T16:40:43.717589+00:00 griffin.tea-cats.co.uk sshd[1353769]: banner exchange: Connection from 165.154.12.139 port 36326: could not read protocol version
2024-10-13T15:15:03.592995+00:00 clive.tea-cats.co.uk sshd[220081]: banner exchange: Connection from 152.32.156.50 port 49840: could not read protocol version
2024-10-13T15:52:17.970984+00:00 hawk.tea-cats.co.uk sshd[7298]: banner exchange: Connection from 118.194.236.137 port 35162: could not read protocol version
2024-10-13T16:00:41.210646+00:00 hawk.tea-cats.co.uk sshd[7329]: error: kex_protocol_error: type 20 seq 2 [preauth]
2024-10-13T16:00:41.210963+00:00 hawk.tea-cats.co.uk sshd[7329]: error: kex_protocol_error: type 30 seq 3 [preauth]
2024-10-13T15:15:09.086938+00:00 ibis.tea-cats.co.uk sshd[879068]: banner exchange: Connection from 152.32.128.169 port 53484: could not read protocol version
2024-10-14T10:37:41.344018+00:00 hawk.tea-cats.co.uk apache2[18483]: [core:error] [pid 18483:tid 18501] [client 8.216.87.143:57766] AH10244: invalid URI path (/cgi-bin/%%32%65%%32%65/%%32%65%%32%65/%%32%65%%32%65/%%32%65%%32%65/%%32%65%%32%65/%%32%65%%32%65/%%32%65%%32%65/bin/sh)
2024-10-14T10:37:40.371910+00:00 hawk.tea-cats.co.uk apache2[27716]: [core:error] [pid 27716:tid 27722] [client 8.216.87.143:57762] AH10244: invalid URI path (/cgi-bin/.%2e/.%2e/.%2e/.%2e/.%2e/.%2e/.%2e/.%2e/.%2e/.%2e/bin/sh)
2024-10-14T08:34:22.881523+00:00 hawk.tea-cats.co.uk bg-get-boards[30409]: ConnectionError 'logging in' to BGA
2024-10-14T00:17:01.941176+00:00 kestrel.tea-cats.co.uk kernel: [ 5698.146630] clocksource: Long readout interval, skipping watchdog check: cs_nsec: 1008031690 wd_nsec: 1008031860
2024-10-14T00:56:17.937922+00:00 kestrel.tea-cats.co.uk kernel: [ 8054.120355] clocksource: timekeeping watchdog on CPU0: kvm-clock retried 1 times before success
2024-10-14T11:11:35.507238+00:00 clive.tea-cats.co.uk kernel: [ 9588.237900] clocksource: timekeeping watchdog on CPU0: kvm-clock retried 1 times before success
2024-10-13T23:28:53.479607+00:00 ibis.tea-cats.co.uk named[2564379]: 13-Oct-2024 23:28:53.474 dnssec: info: view internal: validating 108.236.125.45.in-addr.arpa/PTR: no valid signature found
2024-10-14T04:59:50.012820+00:00 ibis.tea-cats.co.uk named[2564379]: 14-Oct-2024 04:59:50.007 dnssec: info: view internal:   validating silicanetworks.com/SOA: no valid signature found
2024-10-14T04:59:50.013678+00:00 ibis.tea-cats.co.uk named[2564379]: 14-Oct-2024 04:59:50.011 dnssec: info: view internal:   validating silicanetworks.com/NSEC: no valid signature found
2024-10-14T04:59:50.013990+00:00 ibis.tea-cats.co.uk named[2564379]: 14-Oct-2024 04:59:50.011 dnssec: info: view internal:   validating speedtest.silicanetworks.com/NSEC: no valid signature found
2024-10-14T06:30:47.650579+00:00 ibis.tea-cats.co.uk named[2564379]: 14-Oct-2024 06:30:47.646 dnssec: info: managed-keys-zone/public: Key 20326 for zone . is now trusted (acceptance timer complete)
2024-10-14T06:30:53.610157+00:00 ibis.tea-cats.co.uk named[2564379]: 14-Oct-2024 06:30:53.606 dnssec: info: managed-keys-zone/internal: Key 20326 for zone . is now trusted (acceptance timer complete)
2024-10-14T06:53:55.635811+00:00 ibis.tea-cats.co.uk named[2564379]: 14-Oct-2024 06:53:55.633 dnssec: info: managed-keys-zone/public: Key 20326 for zone . is now trusted (acceptance timer complete)
2024-10-14T06:53:58.608834+00:00 ibis.tea-cats.co.uk named[2564379]: 14-Oct-2024 06:53:58.606 dnssec: info: managed-keys-zone/internal: Key 20326 for zone . is now trusted (acceptance timer complete)
2024-10-14T08:14:33.869235+00:00 kestrel.tea-cats.co.uk postfix/smtpd[13783]: improper command pipelining after CONNECT from portscanner-nyc1-04.prod.cyberresilience.io[192.241.155.120]: EHLO\r\n
2024-10-14T14:01:27.737067+00:00 kestrel.tea-cats.co.uk postfix/smtpd[20263]: improper command pipelining after CONNECT from unknown[118.193.64.188]: \026\003\001\001\027\001\000\001\023\003\003\235\177\241&(\001\202\245-\335q\303\364\322\304P^\231\\6H&\246\225M\216\332\363I\244Q\212 \201\246\312\332\230\217\311\002\344\363Yo\317\177\201je~l0\021\3112\331\347\316\027\220e\000\206\226\0004\314\250\314\251\300/\3000\300+\300,\300\t\000\236\314\250\314\252\0003
2024-10-14T00:40:21.137905+00:00 kestrel.tea-cats.co.uk postfix/smtpd[4444]: improper command pipelining after CONNECT from scan-58l.shadowserver.org[65.49.1.105]: GET / HTTP/1.1\r\nHost: 109.237.27.144:25\r\nUser-Agent: Mozilla/5.0 (Macintosh; Intel Mac OS X 10.15; r
2024-10-14T07:05:01.776903+00:00 griffin.tea-cats.co.uk snerge-bot[1694181]: [snerge.oauth:INFO] Redirect created, nonce: 0x163d3500265426566d1359d
2024-10-14T15:59:33.606047+00:00 clive.tea-cats.co.uk sshd[11024]: Received disconnect from 80.94.95.81 port 51538:11: Bye [preauth]
2024-10-13T22:14:44.740134+00:00 griffin.tea-cats.co.uk sshd[1360722]: error: kex_exchange_identification: client sent invalid protocol identifier ""
2024-10-14T13:10:06.805889+00:00 hawk.tea-cats.co.uk sshd[38602]: Received disconnect from 80.94.95.81 port 34053:11: Bye [preauth]
2024-10-14T17:12:25.376677+00:00 hawk.tea-cats.co.uk sshd[44425]: Received disconnect from 80.94.95.81 port 49101:11: Bye [preauth]
2024-10-14T12:48:44.234891+00:00 griffin.tea-cats.co.uk sshd[6871]: error: userauth_pubkey: parse key: invalid format [preauth]
2024-10-14T12:48:44.254660+00:00 griffin.tea-cats.co.uk sshd[6871]: error: userauth_pubkey: parse key: invalid format [preauth]
2024-10-14T12:48:35.825947+00:00 ibis.tea-cats.co.uk sshd[6933]: error: userauth_pubkey: parse key: invalid format [preauth]
2024-10-14T12:48:35.855055+00:00 ibis.tea-cats.co.uk sshd[6933]: error: userauth_pubkey: parse key: invalid format [preauth]
2024-10-13T22:08:23.012211+00:00 ibis.tea-cats.co.uk sshd[891155]: error: kex_exchange_identification: client sent invalid protocol identifier ""
Oct 13 16:55:07 hawk.tea-cats.co.uk kernel: clocksource: timekeeping watchdog on CPU0: kvm-clock retried 1 times before success
Oct 13 17:47:23 hawk.tea-cats.co.uk kernel: clocksource: timekeeping watchdog on CPU0: kvm-clock retried 1 times before success
Oct 13 16:24:00 griffin.tea-cats.co.uk snerge-bot[1694181]: [snerge.bot:INFO] Command !snerge from joallthedogs
Oct 13 15:49:03 kestrel.tea-cats.co.uk sshd[1287643]: banner exchange: Connection from 165.154.172.108 port 57128: could not read protocol version
Oct 13 16:40:43 griffin.tea-cats.co.uk sshd[1353769]: banner exchange: Connection from 165.154.12.139 port 36326: could not read protocol version
Oct 13 15:15:03 clive.tea-cats.co.uk sshd[220081]: banner exchange: Connection from 152.32.156.50 port 49840: could not read protocol version
Oct 13 15:52:17 hawk.tea-cats.co.uk sshd[7298]: banner exchange: Connection from 118.194.236.137 port 35162: could not read protocol version
Oct 13 16:00:41 hawk.tea-cats.co.uk sshd[7329]: error: kex_protocol_error: type 20 seq 2 [preauth]
Oct 13 16:00:41 hawk.tea-cats.co.uk sshd[7329]: error: kex_protocol_error: type 30 seq 3 [preauth]
Oct 13 15:15:09 ibis.tea-cats.co.uk sshd[879068]: banner exchange: Connection from 152.32.128.169 port 53484: could not read protocol version
Oct 13 18:00:10 hawk.tea-cats.co.uk systemd-journald[180]: Data hash table of /var/log/journal/1009f49fff8fe746a5111e1a062f4848/system.journal has a fill level at 75.0 (68542 of 91384 items, 25165824 file size, 367 bytes per hash table item), suggesting rotation.
Oct 13 18:00:10 hawk.tea-cats.co.uk systemd-journald[180]: /var/log/journal/1009f49fff8fe746a5111e1a062f4848/system.journal: Journal header limits reached or header out-of-date, rotating.
Oct 14 10:37:41 hawk.tea-cats.co.uk apache2[18483]: [core:error] [pid 18483:tid 18501] [client 8.216.87.143:57766] AH10244: invalid URI path (/cgi-bin/%%32%65%%32%65/%%32%65%%32%65/%%32%65%%32%65/%%32%65%%32%65/%%32%65%%32%65/%%32%65%%32%65/%%32%65%%32%65/bin/sh)
Oct 14 10:37:40 hawk.tea-cats.co.uk apache2[27716]: [core:error] [pid 27716:tid 27722] [client 8.216.87.143:57762] AH10244: invalid URI path (/cgi-bin/.%2e/.%2e/.%2e/.%2e/.%2e/.%2e/.%2e/.%2e/.%2e/.%2e/bin/sh)
Oct 14 08:34:22 hawk.tea-cats.co.uk bg-get-boards[30409]: ConnectionError 'logging in' to BGA
Oct 14 00:17:01 kestrel.tea-cats.co.uk kernel: clocksource: Long readout interval, skipping watchdog check: cs_nsec: 1008031690 wd_nsec: 1008031860
Oct 13 23:28:53 ibis.tea-cats.co.uk named[2564379]: 13-Oct-2024 23:28:53.474 dnssec: info: view internal: validating 108.236.125.45.in-addr.arpa/PTR: no valid signature found
Oct 14 04:59:50 ibis.tea-cats.co.uk named[2564379]: 14-Oct-2024 04:59:50.007 dnssec: info: view internal:   validating silicanetworks.com/SOA: no valid signature found
Oct 14 04:59:50 ibis.tea-cats.co.uk named[2564379]: 14-Oct-2024 04:59:50.011 dnssec: info: view internal:   validating silicanetworks.com/NSEC: no valid signature found
Oct 14 04:59:50 ibis.tea-cats.co.uk named[2564379]: 14-Oct-2024 04:59:50.011 dnssec: info: view internal:   validating speedtest.silicanetworks.com/NSEC: no valid signature found
Oct 14 06:30:47 ibis.tea-cats.co.uk named[2564379]: 14-Oct-2024 06:30:47.646 dnssec: info: managed-keys-zone/public: Key 20326 for zone . is now trusted (acceptance timer complete)
Oct 14 06:30:53 ibis.tea-cats.co.uk named[2564379]: 14-Oct-2024 06:30:53.606 dnssec: info: managed-keys-zone/internal: Key 20326 for zone . is now trusted (acceptance timer complete)
Oct 14 06:53:55 ibis.tea-cats.co.uk named[2564379]: 14-Oct-2024 06:53:55.633 dnssec: info: managed-keys-zone/public: Key 20326 for zone . is now trusted (acceptance timer complete)
Oct 14 06:53:58 ibis.tea-cats.co.uk named[2564379]: 14-Oct-2024 06:53:58.606 dnssec: info: managed-keys-zone/internal: Key 20326 for zone . is now trusted (acceptance timer complete)
Oct 14 08:14:33 kestrel.tea-cats.co.uk postfix/smtpd[13783]: improper command pipelining after CONNECT from portscanner-nyc1-04.prod.cyberresilience.io[192.241.155.120]: EHLO\r\n
Oct 14 14:01:27 kestrel.tea-cats.co.uk postfix/smtpd[20263]: improper command pipelining after CONNECT from unknown[118.193.64.188]: \026\003\001\001\027\001\000\001\023\003\003\235\177\241&(\001\202\245-\335q\303\364\322\304P^\231\\6H&\246\225M\216\332\363I\244Q\212 \201\246\312\332\230\217\311\002\344\363Yo\317\177\201je~l0\021\3112\331\347\316\027\220e\000\206\226\0004\314\250\314\251\300/\3000\300+\300,\300\t\000\236\314\250\314\252\0003
Oct 14 00:40:21 kestrel.tea-cats.co.uk postfix/smtpd[4444]: improper command pipelining after CONNECT from scan-58l.shadowserver.org[65.49.1.105]: GET / HTTP/1.1\r\nHost: 109.237.27.144:25\r\nUser-Agent: Mozilla/5.0 (Macintosh; Intel Mac OS X 10.15; r
Oct 14 07:05:01 griffin.tea-cats.co.uk snerge-bot[1694181]: [snerge.oauth:INFO] Redirect created, nonce: 0x163d3500265426566d1359d
Oct 14 15:59:33 clive.tea-cats.co.uk sshd[11024]: Received disconnect from 80.94.95.81 port 51538:11: Bye [preauth]
Oct 13 22:14:44 griffin.tea-cats.co.uk sshd[1360722]: error: kex_exchange_identification: client sent invalid protocol identifier ""
Oct 14 13:10:06 hawk.tea-cats.co.uk sshd[38602]: Received disconnect from 80.94.95.81 port 34053:11: Bye [preauth]
Oct 14 17:12:25 hawk.tea-cats.co.uk sshd[44425]: Received disconnect from 80.94.95.81 port 49101:11: Bye [preauth]
Oct 14 12:48:44 griffin.tea-cats.co.uk sshd[6871]: error: userauth_pubkey: parse key: invalid format [preauth]
Oct 14 12:48:44 griffin.tea-cats.co.uk sshd[6871]: error: userauth_pubkey: parse key: invalid format [preauth]
Oct 14 12:48:35 ibis.tea-cats.co.uk sshd[6933]: error: userauth_pubkey: parse key: invalid format [preauth]
Oct 14 12:48:35 ibis.tea-cats.co.uk sshd[6933]: error: userauth_pubkey: parse key: invalid format [preauth]
Oct 13 22:08:23 ibis.tea-cats.co.uk sshd[891155]: error: kex_exchange_identification: client sent invalid protocol identifier ""
Oct 13 16:55:07 hawk.tea-cats.co.uk kernel: clocksource: timekeeping watchdog on CPU0: kvm-clock retried 1 times before success
Oct 13 17:47:23 hawk.tea-cats.co.uk kernel: clocksource: timekeeping watchdog on CPU0: kvm-clock retried 1 times before success
Oct 13 16:24:00 griffin.tea-cats.co.uk snerge-bot[1694181]: [snerge.bot:INFO] Command !snerge from joallthedogs
Oct 13 15:49:03 kestrel.tea-cats.co.uk sshd[1287643]: banner exchange: Connection from 165.154.172.108 port 57128: could not read protocol version
Oct 13 16:40:43 griffin.tea-cats.co.uk sshd[1353769]: banner exchange: Connection from 165.154.12.139 port 36326: could not read protocol version
Oct 13 15:15:03 clive.tea-cats.co.uk sshd[220081]: banner exchange: Connection from 152.32.156.50 port 49840: could not read protocol version
Oct 13 15:52:17 hawk.tea-cats.co.uk sshd[7298]: banner exchange: Connection from 118.194.236.137 port 35162: could not read protocol version
Oct 13 16:00:41 hawk.tea-cats.co.uk sshd[7329]: error: kex_protocol_error: type 20 seq 2 [preauth]
Oct 13 16:00:41 hawk.tea-cats.co.uk sshd[7329]: error: kex_protocol_error: type 30 seq 3 [preauth]
Oct 13 15:15:09 ibis.tea-cats.co.uk sshd[879068]: banner exchange: Connection from 152.32.128.169 port 53484: could not read protocol version
Oct 13 18:00:10 hawk.tea-cats.co.uk systemd-journald[180]: Data hash table of /var/log/journal/1009f49fff8fe746a5111e1a062f4848/system.journal has a fill level at 75.0 (68542 of 91384 items, 25165824 file size, 367 bytes per hash table item), suggesting rotation.
Oct 13 18:00:10 hawk.tea-cats.co.uk systemd-journald[180]: /var/log/journal/1009f49fff8fe746a5111e1a062f4848/system.journal: Journal header limits reached or header out-of-date, rotating.
Oct 14 10:37:41 hawk.tea-cats.co.uk apache2[18483]: [core:error] [pid 18483:tid 18501] [client 8.216.87.143:57766] AH10244: invalid URI path (/cgi-bin/%%32%65%%32%65/%%32%65%%32%65/%%32%65%%32%65/%%32%65%%32%65/%%32%65%%32%65/%%32%65%%32%65/%%32%65%%32%65/bin/sh)
Oct 14 10:37:40 hawk.tea-cats.co.uk apache2[27716]: [core:error] [pid 27716:tid 27722] [client 8.216.87.143:57762] AH10244: invalid URI path (/cgi-bin/.%2e/.%2e/.%2e/.%2e/.%2e/.%2e/.%2e/.%2e/.%2e/.%2e/bin/sh)
Oct 14 08:34:22 hawk.tea-cats.co.uk bg-get-boards[30409]: ConnectionError 'logging in' to BGA
Oct 14 00:17:01 kestrel.tea-cats.co.uk kernel: clocksource: Long readout interval, skipping watchdog check: cs_nsec: 1008031690 wd_nsec: 1008031860
Oct 13 23:28:53 ibis.tea-cats.co.uk named[2564379]: 13-Oct-2024 23:28:53.474 dnssec: info: view internal: validating 108.236.125.45.in-addr.arpa/PTR: no valid signature found
Oct 14 04:59:50 ibis.tea-cats.co.uk named[2564379]: 14-Oct-2024 04:59:50.007 dnssec: info: view internal:   validating silicanetworks.com/SOA: no valid signature found
Oct 14 04:59:50 ibis.tea-cats.co.uk named[2564379]: 14-Oct-2024 04:59:50.011 dnssec: info: view internal:   validating silicanetworks.com/NSEC: no valid signature found
Oct 14 04:59:50 ibis.tea-cats.co.uk named[2564379]: 14-Oct-2024 04:59:50.011 dnssec: info: view internal:   validating speedtest.silicanetworks.com/NSEC: no valid signature found
Oct 14 06:30:47 ibis.tea-cats.co.uk named[2564379]: 14-Oct-2024 06:30:47.646 dnssec: info: managed-keys-zone/public: Key 20326 for zone . is now trusted (acceptance timer complete)
Oct 14 06:30:53 ibis.tea-cats.co.uk named[2564379]: 14-Oct-2024 06:30:53.606 dnssec: info: managed-keys-zone/internal: Key 20326 for zone . is now trusted (acceptance timer complete)
Oct 14 06:53:55 ibis.tea-cats.co.uk named[2564379]: 14-Oct-2024 06:53:55.633 dnssec: info: managed-keys-zone/public: Key 20326 for zone . is now trusted (acceptance timer complete)
Oct 14 06:53:58 ibis.tea-cats.co.uk named[2564379]: 14-Oct-2024 06:53:58.606 dnssec: info: managed-keys-zone/internal: Key 20326 for zone . is now trusted (acceptance timer complete)
Oct 14 08:14:33 kestrel.tea-cats.co.uk postfix/smtpd[13783]: improper command pipelining after CONNECT from portscanner-nyc1-04.prod.cyberresilience.io[192.241.155.120]: EHLO\r\n
Oct 14 14:01:27 kestrel.tea-cats.co.uk postfix/smtpd[20263]: improper command pipelining after CONNECT from unknown[118.193.64.188]: \026\003\001\001\027\001\000\001\023\003\003\235\177\241&(\001\202\245-\335q\303\364\322\304P^\231\\6H&\246\225M\216\332\363I\244Q\212 \201\246\312\332\230\217\311\002\344\363Yo\317\177\201je~l0\021\3112\331\347\316\027\220e\000\206\226\0004\314\250\314\251\300/\3000\300+\300,\300\t\000\236\314\250\314\252\0003
Oct 14 00:40:21 kestrel.tea-cats.co.uk postfix/smtpd[4444]: improper command pipelining after CONNECT from scan-58l.shadowserver.org[65.49.1.105]: GET / HTTP/1.1\r\nHost: 109.237.27.144:25\r\nUser-Agent: Mozilla/5.0 (Macintosh; Intel Mac OS X 10.15; r
Oct 14 07:05:01 griffin.tea-cats.co.uk snerge-bot[1694181]: [snerge.oauth:INFO] Redirect created, nonce: 0x163d3500265426566d1359d
Oct 14 15:59:33 clive.tea-cats.co.uk sshd[11024]: Received disconnect from 80.94.95.81 port 51538:11: Bye [preauth]
Oct 13 22:14:44 griffin.tea-cats.co.uk sshd[1360722]: error: kex_exchange_identification: client sent invalid protocol identifier ""
Oct 14 13:10:06 hawk.tea-cats.co.uk sshd[38602]: Received disconnect from 80.94.95.81 port 34053:11: Bye [preauth]
Oct 14 17:12:25 hawk.tea-cats.co.uk sshd[44425]: Received disconnect from 80.94.95.81 port 49101:11: Bye [preauth]
Oct 14 12:48:44 griffin.tea-cats.co.uk sshd[6871]: error: userauth_pubkey: parse key: invalid format [preauth]
Oct 14 12:48:44 griffin.tea-cats.co.uk sshd[6871]: error: userauth_pubkey: parse key: invalid format [preauth]
Oct 14 12:48:35 ibis.tea-cats.co.uk sshd[6933]: error: userauth_pubkey: parse key: invalid format [preauth]
Oct 14 12:48:35 ibis.tea-cats.co.uk sshd[6933]: error: userauth_pubkey: parse key: invalid format [preauth]
Oct 13 22:08:23 ibis.tea-cats.co.uk sshd[891155]: error: kex_exchange_identification: client sent invalid protocol identifier ""
Oct 15 20:29:03 hawk.tea-cats.co.uk bg-get-boards[83862]: Status 502 getting date for Uno from BGA
Oct 15 20:29:29 hawk.tea-cats.co.uk bg-get-boards[83864]: Status 502 getting date for Dobby from BGA
Oct 15 20:33:10 hawk.tea-cats.co.uk bg-get-boards[83872]: Status 502 getting date for Kitsune from BGA
Oct 15 20:37:17 hawk.tea-cats.co.uk bg-get-boards[83880]: Status 502 getting date for Kitteh from BGA
Oct 16 03:57:04 hawk.tea-cats.co.uk bg-get-boards[93601]: Status 502 getting date for Dobby from BGA
Oct 16 03:57:04 hawk.tea-cats.co.uk bg-get-boards[93601]: Status 502 getting date for James from BGA
Oct 16 03:57:04 hawk.tea-cats.co.uk bg-get-boards[93601]: Status 502 getting date for Kitsune from BGA
Oct 16 03:57:04 hawk.tea-cats.co.uk bg-get-boards[93601]: Status 502 getting date for Kitteh from BGA
Oct 16 03:57:04 hawk.tea-cats.co.uk bg-get-boards[93601]: Status 502 getting date for Kuma from BGA
Oct 16 03:57:04 hawk.tea-cats.co.uk bg-get-boards[93601]: Status 502 getting date for ManaLeek from BGA
Oct 16 03:57:04 hawk.tea-cats.co.uk bg-get-boards[93601]: Status 502 getting date for Merlin from BGA
Oct 16 03:57:04 hawk.tea-cats.co.uk bg-get-boards[93601]: Status 502 getting date for Patch_Witch from BGA
Oct 16 03:57:04 hawk.tea-cats.co.uk bg-get-boards[93601]: Status 502 getting date for Uno from BGA
Oct 16 03:57:04 hawk.tea-cats.co.uk bg-get-boards[93601]: Status 502 getting date for Yalc from BGA
Oct 14 18:30:58 ibis.tea-cats.co.uk named[348]: 14-Oct-2024 18:30:58.675 dnssec: info: view internal: validating 192.168.169.43/A: got insecure response; parent indicates it should be secure
Oct 14 18:30:59 ibis.tea-cats.co.uk named[348]: 14-Oct-2024 18:30:59.878 dnssec: info: view internal: validating 192.168.169.43/A: got insecure response; parent indicates it should be secure
Oct 14 18:31:01 ibis.tea-cats.co.uk named[348]: 14-Oct-2024 18:31:01.082 dnssec: info: view internal: validating 192.168.169.43/A: got insecure response; parent indicates it should be secure
Oct 14 18:31:01 ibis.tea-cats.co.uk named[348]: 14-Oct-2024 18:31:01.082 dnssec: info: view internal: validating 192.168.169.43/A: got insecure response; parent indicates it should be secure
Oct 14 18:31:01 ibis.tea-cats.co.uk named[348]: 14-Oct-2024 18:31:01.082 dnssec: info: view internal: validating 192.168.169.43/A: got insecure response; parent indicates it should be secure
Oct 14 18:31:03 ibis.tea-cats.co.uk named[348]: 14-Oct-2024 18:31:03.488 dnssec: info: view internal: validating 192.168.169.43/A: got insecure response; parent indicates it should be secure
Oct 14 18:31:03 ibis.tea-cats.co.uk named[348]: 14-Oct-2024 18:31:03.488 dnssec: info: view internal: validating 192.168.169.43/A: got insecure response; parent indicates it should be secure
Oct 14 18:31:03 ibis.tea-cats.co.uk named[348]: 14-Oct-2024 18:31:03.488 dnssec: info: view internal: validating 192.168.169.43/A: got insecure response; parent indicates it should be secure
Oct 14 18:31:04 ibis.tea-cats.co.uk named[348]: 14-Oct-2024 18:31:04.692 dnssec: info: view internal: validating 192.168.169.43/A: got insecure response; parent indicates it should be secure
Oct 14 18:42:03 ibis.tea-cats.co.uk named[348]: 14-Oct-2024 18:42:03.371 dnssec: info: view internal: validating 2.0.0.4.0.4.e.f.f.f.6.3.6.1.2.0.b.e.d.0.2.0.2.0.8.b.1.4.1.0.0.2.ip6.arpa/PTR: no valid signature found
Oct 16 21:09:33 ibis.tea-cats.co.uk named[348]: 16-Oct-2024 21:09:33.801 dnssec: info: view internal: validating 225.84.0.173.in-addr.arpa/PTR: no valid signature found
Oct 17 06:46:19 kestrel.tea-cats.co.uk postfix/smtpd[102242]: warning: TLS library problem: error:0A00018C:SSL routines::version too low:../ssl/statem/statem_srvr.c:1657:
Oct 17 06:46:23 kestrel.tea-cats.co.uk postfix/smtpd[102242]: warning: TLS library problem: error:0A0000C1:SSL routines::no shared cipher:../ssl/statem/statem_srvr.c:2220:
Oct 17 06:46:23 kestrel.tea-cats.co.uk postfix/smtpd[102242]: warning: TLS library problem: error:0A0000C1:SSL routines::no shared cipher:../ssl/statem/statem_srvr.c:2220:
Oct 14 20:57:47 kestrel.tea-cats.co.uk postfix/smtpd[30150]: disconnect from zeep.tashkent.su[62.173.141.4] ehlo=1 mail=1 rcpt=0/1 data=0/1 rset=1 quit=1 commands=4/6
Oct 14 21:15:30 kestrel.tea-cats.co.uk postfix/smtpd[31284]: disconnect from xn--j1afq.022.xn--p1acf[62.173.141.45] ehlo=1 mail=1 rcpt=0/1 data=0/1 rset=1 quit=1 commands=4/6
Oct 14 22:25:22 kestrel.tea-cats.co.uk postfix/smtpd[32469]: disconnect from zeep.tashkent.su[62.173.141.4] ehlo=1 mail=1 rcpt=0/1 data=0/1 rset=1 quit=1 commands=4/6
Oct 14 23:50:12 kestrel.tea-cats.co.uk postfix/smtpd[33584]: disconnect from xn--j1afq.022.xn--p1acf[62.173.141.45] ehlo=1 mail=1 rcpt=0/1 data=0/1 rset=1 quit=1 commands=4/6
Oct 15 15:46:05 kestrel.tea-cats.co.uk postfix/smtpd[54167]: disconnect from zeep.tashkent.su[62.173.141.4] ehlo=1 mail=1 rcpt=0/1 data=0/1 rset=1 quit=1 commands=4/6
Oct 15 16:30:25 kestrel.tea-cats.co.uk postfix/smtpd[55278]: disconnect from zeep.tashkent.su[62.173.141.4] ehlo=1 mail=1 rcpt=0/1 data=0/1 rset=1 quit=1 commands=4/6
Oct 15 17:55:07 kestrel.tea-cats.co.uk postfix/smtpd[56718]: disconnect from xn--j1afq.022.xn--p1acf[62.173.141.45] ehlo=1 mail=1 rcpt=0/1 data=0/1 rset=1 quit=1 commands=4/6
Oct 15 18:37:26 kestrel.tea-cats.co.uk postfix/smtpd[57812]: disconnect from xn--j1afq.022.xn--p1acf[62.173.141.45] ehlo=1 mail=1 rcpt=0/1 data=0/1 rset=1 quit=1 commands=4/6
Oct 16 19:25:40 kestrel.tea-cats.co.uk postfix/smtpd[89342]: disconnect from unknown[193.84.71.67] ehlo=1 mail=1 rcpt=0/1 data=0/1 rset=1 quit=1 commands=4/6
Oct 16 19:28:29 kestrel.tea-cats.co.uk postfix/smtpd[89346]: disconnect from zeep.tashkent.su[62.173.141.4] ehlo=1 mail=1 rcpt=0/1 data=0/1 rset=1 quit=1 commands=4/6
Oct 15 00:00:26 clive.tea-cats.co.uk rsyslogd[248]: [origin software="rsyslogd" swVersion="8.2302.0" x-pid="248" x-info="https://www.rsyslog.com"] rsyslogd was HUPed
Oct 14 18:31:14 ibis.tea-cats.co.uk (sd-pam)[14567]: pam_unix(systemd-user:session): session closed for user benedict
Oct 14 22:52:21 ibis.tea-cats.co.uk sshd[20301]: error: Bad remote protocol version identification: 'SSH-2.0_CoreLab-1.0'
Oct 14 22:52:22 ibis.tea-cats.co.uk sshd[20310]: error: Bad remote protocol version identification: 'SSH-2.0_CoreLab-1.0'
Oct 15 00:00:26 clive.tea-cats.co.uk systemd[1]: rsyslog.service: Sent signal SIGHUP to main process 248 (rsyslogd) on client request.
2024-10-13T16:55:07.068204+00:00 hawk.tea-cats.co.uk kernel: [16040.138109] clocksource: timekeeping watchdog on CPU0: kvm-clock retried 1 times before success
2024-10-13T17:47:23.574542+00:00 hawk.tea-cats.co.uk kernel: [19176.584645] clocksource: timekeeping watchdog on CPU0: kvm-clock retried 1 times before success
2024-10-13T16:24:00.824752+00:00 griffin.tea-cats.co.uk snerge-bot[1694181]: [snerge.bot:INFO] Command !snerge from joallthedogs
2024-10-13T15:49:03.146660+00:00 kestrel.tea-cats.co.uk sshd[1287643]: banner exchange: Connection from 165.154.172.108 port 57128: could not read protocol version
2024-10-13T16:40:43.717589+00:00 griffin.tea-cats.co.uk sshd[1353769]: banner exchange: Connection from 165.154.12.139 port 36326: could not read protocol version
2024-10-13T15:15:03.592995+00:00 clive.tea-cats.co.uk sshd[220081]: banner exchange: Connection from 152.32.156.50 port 49840: could not read protocol version
2024-10-13T15:52:17.970984+00:00 hawk.tea-cats.co.uk sshd[7298]: banner exchange: Connection from 118.194.236.137 port 35162: could not read protocol version
2024-10-13T16:00:41.210646+00:00 hawk.tea-cats.co.uk sshd[7329]: error: kex_protocol_error: type 20 seq 2 [preauth]
2024-10-13T16:00:41.210963+00:00 hawk.tea-cats.co.uk sshd[7329]: error: kex_protocol_error: type 30 seq 3 [preauth]
2024-10-13T15:15:09.086938+00:00 ibis.tea-cats.co.uk sshd[879068]: banner exchange: Connection from 152.32.128.169 port 53484: could not read protocol version
2024-10-14T10:37:41.344018+00:00 hawk.tea-cats.co.uk apache2[18483]: [core:error] [pid 18483:tid 18501] [client 8.216.87.143:57766] AH10244: invalid URI path (/cgi-bin/%%32%65%%32%65/%%32%65%%32%65/%%32%65%%32%65/%%32%65%%32%65/%%32%65%%32%65/%%32%65%%32%65/%%32%65%%32%65/bin/sh)
2024-10-14T10:37:40.371910+00:00 hawk.tea-cats.co.uk apache2[27716]: [core:error] [pid 27716:tid 27722] [client 8.216.87.143:57762] AH10244: invalid URI path (/cgi-bin/.%2e/.%2e/.%2e/.%2e/.%2e/.%2e/.%2e/.%2e/.%2e/.%2e/bin/sh)
2024-10-14T08:34:22.881523+00:00 hawk.tea-cats.co.uk bg-get-boards[30409]: ConnectionError 'logging in' to BGA
2024-10-14T00:17:01.941176+00:00 kestrel.tea-cats.co.uk kernel: [ 5698.146630] clocksource: Long readout interval, skipping watchdog check: cs_nsec: 1008031690 wd_nsec: 1008031860
2024-10-14T00:56:17.937922+00:00 kestrel.tea-cats.co.uk kernel: [ 8054.120355] clocksource: timekeeping watchdog on CPU0: kvm-clock retried 1 times before success
2024-10-14T11:11:35.507238+00:00 clive.tea-cats.co.uk kernel: [ 9588.237900] clocksource: timekeeping watchdog on CPU0: kvm-clock retried 1 times before success
2024-10-13T23:28:53.479607+00:00 ibis.tea-cats.co.uk named[2564379]: 13-Oct-2024 23:28:53.474 dnssec: info: view internal: validating 108.236.125.45.in-addr.arpa/PTR: no valid signature found
2024-10-14T04:59:50.012820+00:00 ibis.tea-cats.co.uk named[2564379]: 14-Oct-2024 04:59:50.007 dnssec: info: view internal:   validating silicanetworks.com/SOA: no valid signature found
2024-10-14T04:59:50.013678+00:00 ibis.tea-cats.co.uk named[2564379]: 14-Oct-2024 04:59:50.011 dnssec: info: view internal:   validating silicanetworks.com/NSEC: no valid signature found
2024-10-14T04:59:50.013990+00:00 ibis.tea-cats.co.uk named[2564379]: 14-Oct-2024 04:59:50.011 dnssec: info: view internal:   validating speedtest.silicanetworks.com/NSEC: no valid signature found
2024-10-14T06:30:47.650579+00:00 ibis.tea-cats.co.uk named[2564379]: 14-Oct-2024 06:30:47.646 dnssec: info: managed-keys-zone/public: Key 20326 for zone . is now trusted (acceptance timer complete)
2024-10-14T06:30:53.610157+00:00 ibis.tea-cats.co.uk named[2564379]: 14-Oct-2024 06:30:53.606 dnssec: info: managed-keys-zone/internal: Key 20326 for zone . is now trusted (acceptance timer complete)
2024-10-14T06:53:55.635811+00:00 ibis.tea-cats.co.uk named[2564379]: 14-Oct-2024 06:53:55.633 dnssec: info: managed-keys-zone/public: Key 20326 for zone . is now trusted (acceptance timer complete)
2024-10-14T06:53:58.608834+00:00 ibis.tea-cats.co.uk named[2564379]: 14-Oct-2024 06:53:58.606 dnssec: info: managed-keys-zone/internal: Key 20326 for zone . is now trusted (acceptance timer complete)
2024-10-14T08:14:33.869235+00:00 kestrel.tea-cats.co.uk postfix/smtpd[13783]: improper command pipelining after CONNECT from portscanner-nyc1-04.prod.cyberresilience.io[192.241.155.120]: EHLO\r\n
2024-10-14T14:01:27.737067+00:00 kestrel.tea-cats.co.uk postfix/smtpd[20263]: improper command pipelining after CONNECT from unknown[118.193.64.188]: \026\003\001\001\027\001\000\001\023\003\003\235\177\241&(\001\202\245-\335q\303\364\322\304P^\231\\6H&\246\225M\216\332\363I\244Q\212 \201\246\312\332\230\217\311\002\344\363Yo\317\177\201je~l0\021\3112\331\347\316\027\220e\000\206\226\0004\314\250\314\251\300/\3000\300+\300,\300\t\000\236\314\250\314\252\0003
2024-10-14T00:40:21.137905+00:00 kestrel.tea-cats.co.uk postfix/smtpd[4444]: improper command pipelining after CONNECT from scan-58l.shadowserver.org[65.49.1.105]: GET / HTTP/1.1\r\nHost: 109.237.27.144:25\r\nUser-Agent: Mozilla/5.0 (Macintosh; Intel Mac OS X 10.15; r
2024-10-14T07:05:01.776903+00:00 griffin.tea-cats.co.uk snerge-bot[1694181]: [snerge.oauth:INFO] Redirect created, nonce: 0x163d3500265426566d1359d
2024-10-14T15:59:33.606047+00:00 clive.tea-cats.co.uk sshd[11024]: Received disconnect from 80.94.95.81 port 51538:11: Bye [preauth]
2024-10-13T22:14:44.740134+00:00 griffin.tea-cats.co.uk sshd[1360722]: error: kex_exchange_identification: client sent invalid protocol identifier ""
2024-10-14T13:10:06.805889+00:00 hawk.tea-cats.co.uk sshd[38602]: Received disconnect from 80.94.95.81 port 34053:11: Bye [preauth]
2024-10-14T17:12:25.376677+00:00 hawk.tea-cats.co.uk sshd[44425]: Received disconnect from 80.94.95.81 port 49101:11: Bye [preauth]
2024-10-14T12:48:44.234891+00:00 griffin.tea-cats.co.uk sshd[6871]: error: userauth_pubkey: parse key: invalid format [preauth]
2024-10-14T12:48:44.254660+00:00 griffin.tea-cats.co.uk sshd[6871]: error: userauth_pubkey: parse key: invalid format [preauth]
2024-10-14T12:48:35.825947+00:00 ibis.tea-cats.co.uk sshd[6933]: error: userauth_pubkey: parse key: invalid format [preauth]
2024-10-14T12:48:35.855055+00:00 ibis.tea-cats.co.uk sshd[6933]: error: userauth_pubkey: parse key: invalid format [preauth]
2024-10-13T22:08:23.012211+00:00 ibis.tea-cats.co.uk sshd[891155]: error: kex_exchange_identification: client sent invalid protocol identifier ""
2024-10-15T20:29:03.146813+00:00 hawk.tea-cats.co.uk bg-get-boards[83862]: Status 502 getting date for Uno from BGA
2024-10-15T20:29:29.835616+00:00 hawk.tea-cats.co.uk bg-get-boards[83864]: Status 502 getting date for Dobby from BGA
2024-10-15T20:33:10.748885+00:00 hawk.tea-cats.co.uk bg-get-boards[83872]: Status 502 getting date for Kitsune from BGA
2024-10-15T20:37:17.302691+00:00 hawk.tea-cats.co.uk bg-get-boards[83880]: Status 502 getting date for Kitteh from BGA
2024-10-16T03:57:04.688749+00:00 hawk.tea-cats.co.uk bg-get-boards[93601]: Status 502 getting date for Kitteh from BGA
2024-10-16T03:57:04.694201+00:00 hawk.tea-cats.co.uk bg-get-boards[93601]: Status 502 getting date for Kitsune from BGA
2024-10-16T03:57:04.700413+00:00 hawk.tea-cats.co.uk bg-get-boards[93601]: Status 502 getting date for Patch_Witch from BGA
2024-10-16T03:57:04.706106+00:00 hawk.tea-cats.co.uk bg-get-boards[93601]: Status 502 getting date for ManaLeek from BGA
2024-10-16T03:57:04.712230+00:00 hawk.tea-cats.co.uk bg-get-boards[93601]: Status 502 getting date for Dobby from BGA
2024-10-16T03:57:04.718176+00:00 hawk.tea-cats.co.uk bg-get-boards[93601]: Status 502 getting date for Yalc from BGA
2024-10-16T03:57:04.724479+00:00 hawk.tea-cats.co.uk bg-get-boards[93601]: Status 502 getting date for Kuma from BGA
2024-10-16T03:57:04.730067+00:00 hawk.tea-cats.co.uk bg-get-boards[93601]: Status 502 getting date for Uno from BGA
2024-10-16T03:57:04.735733+00:00 hawk.tea-cats.co.uk bg-get-boards[93601]: Status 502 getting date for James from BGA
2024-10-16T03:57:04.743235+00:00 hawk.tea-cats.co.uk bg-get-boards[93601]: Status 502 getting date for Merlin from BGA
2024-10-14T18:30:58.678268+00:00 ibis.tea-cats.co.uk named[348]: 14-Oct-2024 18:30:58.675 dnssec: info: view internal: validating 192.168.169.43/A: got insecure response; parent indicates it should be secure
2024-10-14T18:30:59.882293+00:00 ibis.tea-cats.co.uk named[348]: 14-Oct-2024 18:30:59.878 dnssec: info: view internal: validating 192.168.169.43/A: got insecure response; parent indicates it should be secure
2024-10-14T18:31:01.085137+00:00 ibis.tea-cats.co.uk named[348]: 14-Oct-2024 18:31:01.082 dnssec: info: view internal: validating 192.168.169.43/A: got insecure response; parent indicates it should be secure
2024-10-14T18:31:01.085564+00:00 ibis.tea-cats.co.uk named[348]: 14-Oct-2024 18:31:01.082 dnssec: info: view internal: validating 192.168.169.43/A: got insecure response; parent indicates it should be secure
2024-10-14T18:31:01.085977+00:00 ibis.tea-cats.co.uk named[348]: 14-Oct-2024 18:31:01.082 dnssec: info: view internal: validating 192.168.169.43/A: got insecure response; parent indicates it should be secure
2024-10-14T18:31:03.493188+00:00 ibis.tea-cats.co.uk named[348]: 14-Oct-2024 18:31:03.488 dnssec: info: view internal: validating 192.168.169.43/A: got insecure response; parent indicates it should be secure
2024-10-14T18:31:03.493532+00:00 ibis.tea-cats.co.uk named[348]: 14-Oct-2024 18:31:03.488 dnssec: info: view internal: validating 192.168.169.43/A: got insecure response; parent indicates it should be secure
2024-10-14T18:31:03.493930+00:00 ibis.tea-cats.co.uk named[348]: 14-Oct-2024 18:31:03.488 dnssec: info: view internal: validating 192.168.169.43/A: got insecure response; parent indicates it should be secure
2024-10-14T18:31:04.696338+00:00 ibis.tea-cats.co.uk named[348]: 14-Oct-2024 18:31:04.692 dnssec: info: view internal: validating 192.168.169.43/A: got insecure response; parent indicates it should be secure
2024-10-14T18:42:03.374943+00:00 ibis.tea-cats.co.uk named[348]: 14-Oct-2024 18:42:03.371 dnssec: info: view internal: validating 2.0.0.4.0.4.e.f.f.f.6.3.6.1.2.0.b.e.d.0.2.0.2.0.8.b.1.4.1.0.0.2.ip6.arpa/PTR: no valid signature found
2024-10-16T21:09:33.803240+00:00 ibis.tea-cats.co.uk named[348]: 16-Oct-2024 21:09:33.801 dnssec: info: view internal: validating 225.84.0.173.in-addr.arpa/PTR: no valid signature found
2024-10-17T06:46:19.845286+00:00 kestrel.tea-cats.co.uk postfix/smtpd[102242]: warning: TLS library problem: error:0A00018C:SSL routines::version too low:../ssl/statem/statem_srvr.c:1657:
2024-10-17T06:46:23.854085+00:00 kestrel.tea-cats.co.uk postfix/smtpd[102242]: warning: TLS library problem: error:0A0000C1:SSL routines::no shared cipher:../ssl/statem/statem_srvr.c:2220:
2024-10-17T06:46:23.942683+00:00 kestrel.tea-cats.co.uk postfix/smtpd[102242]: warning: TLS library problem: error:0A0000C1:SSL routines::no shared cipher:../ssl/statem/statem_srvr.c:2220:
2024-10-14T20:57:47.426192+00:00 kestrel.tea-cats.co.uk postfix/smtpd[30150]: disconnect from zeep.tashkent.su[62.173.141.4] ehlo=1 mail=1 rcpt=0/1 data=0/1 rset=1 quit=1 commands=4/6
2024-10-14T21:15:30.691550+00:00 kestrel.tea-cats.co.uk postfix/smtpd[31284]: disconnect from xn--j1afq.022.xn--p1acf[62.173.141.45] ehlo=1 mail=1 rcpt=0/1 data=0/1 rset=1 quit=1 commands=4/6
2024-10-14T22:25:22.173974+00:00 kestrel.tea-cats.co.uk postfix/smtpd[32469]: disconnect from zeep.tashkent.su[62.173.141.4] ehlo=1 mail=1 rcpt=0/1 data=0/1 rset=1 quit=1 commands=4/6
2024-10-14T23:50:12.767626+00:00 kestrel.tea-cats.co.uk postfix/smtpd[33584]: disconnect from xn--j1afq.022.xn--p1acf[62.173.141.45] ehlo=1 mail=1 rcpt=0/1 data=0/1 rset=1 quit=1 commands=4/6
